INFO percolation_path: exp_metastable_AgO_mp-1079720: OK
INFO percolation_path: exp_metastable_Al12W_mp-11227: OK
INFO percolation_path: exp_metastable_Al3Os2_mp-16521: OK
INFO percolation_path: exp_metastable_AsPd2_mp-1080831: OK
INFO percolation_path: exp_metastable_AsRh2_mp-1102364: OK
INFO percolation_path: exp_metastable_AsRh_mp-22079: OK
INFO percolation_path: exp_metastable_BaSn5_mp-571353: OK
INFO percolation_path: exp_metastable_Be12Pd_mp-12666: OK
INFO percolation_path: exp_metastable_Be3N2_mp-6977: OK
INFO percolation_path: exp_metastable_CaGa2_mp-992: OK
INFO percolation_path: exp_metastable_CaGa4_mp-2461: OK
INFO percolation_path: exp_metastable_CdI2_mp-567259: OK
INFO percolation_path: exp_metastable_CdO2_mp-2310: OK
INFO percolation_path: exp_metastable_ClF3_mp-556767: OK
INFO percolation_path: exp_metastable_Cs2Se_mp-1011696: OK
INFO percolation_path: exp_metastable_CsH_mp-632319: OK
INFO percolation_path: exp_metastable_Cu3Ge_mp-19724: OK
INFO percolation_path: exp_metastable_FeTe2_mp-1102002: OK
INFO percolation_path: exp_metastable_Ge4Rh_mp-1104286: OK
INFO percolation_path: exp_metastable_GeSe2_mp-10074: OK
INFO percolation_path: exp_metastable_H2O_mp-2739191: OK
INFO percolation_path: exp_metastable_H3N_mp-643432: OK
INFO percolation_path: exp_metastable_HI_mp-697025: OK
INFO percolation_path: exp_metastable_IF7_mp-27988: OK
INFO percolation_path: exp_metastable_In3Ir_mp-630976: OK
INFO percolation_path: exp_metastable_InCl_mp-571636: OK
INFO percolation_path: exp_metastable_K2S_mp-559278: OK
INFO percolation_path: exp_metastable_K_mp-10157: OK
INFO percolation_path: exp_metastable_Li13Sn5_mp-30769: OK
INFO percolation_path: exp_metastable_Li3Hg_mp-1646: OK
INFO percolation_path: exp_metastable_MgCl2_mp-570259: OK
INFO percolation_path: exp_metastable_MgH2_mp-23711: OK
INFO percolation_path: exp_metastable_MgPd3_mp-7753: OK
INFO percolation_path: exp_metastable_Mo3Se4_mp-21021: OK
INFO percolation_path: exp_metastable_NaN3_mp-1066400: OK
INFO percolation_path: exp_metastable_Nb2O5_mp-1595: OK
INFO percolation_path: exp_metastable_NiB_mp-14019: OK
INFO percolation_path: exp_metastable_NiHg4_mp-570835: OK
INFO percolation_path: exp_metastable_NiS_mp-1547: OK
INFO percolation_path: exp_metastable_PS_mp-612: OK
INFO percolation_path: exp_metastable_PbAu2_mp-19871: OK
INFO percolation_path: exp_metastable_PbSe_mp-22009: OK
INFO percolation_path: exp_metastable_Rb2Hg7_mp-31474: OK
INFO percolation_path: exp_metastable_Re3Ge7_mp-29141: OK
INFO percolation_path: exp_metastable_SiO2_mp-546794: OK
INFO percolation_path: exp_metastable_SiRh_mp-2287: OK
INFO percolation_path: exp_metastable_SiS2_mp-1095294: OK
INFO percolation_path: exp_metastable_Sn7Ir5_mp-20466: OK
INFO percolation_path: exp_metastable_Sr2As_mp-15697: OK
INFO percolation_path: exp_metastable_Sr5Sn3_mp-17720: OK
INFO percolation_path: exp_metastable_SrAl2_mp-1638: OK
INFO percolation_path: exp_metastable_Ta7Co6_mp-1104548: OK
INFO percolation_path: exp_metastable_Te2Au_mp-567525: OK
INFO percolation_path: exp_metastable_Te2Ir_mp-1551: OK
INFO percolation_path: exp_metastable_Ti3Ge_mp-1189044: OK
INFO percolation_path: exp_metastable_Y2O3_mp-558573: OK
INFO percolation_path: exp_metastable_ZnAg_mp-1912: OK
INFO percolation_path: exp_metastable_ZrBr_mp-1065846: OK
INFO percolation_path: exp_metastable_ZrGa3_mp-30685: OK
INFO percolation_path: exp_metastable_ZrRh_mp-2808: OK
INFO percolation_path: exp_stable_As2S3_mp-1189572: OK
INFO percolation_path: exp_stable_AsF3_mp-28027: OK
INFO percolation_path: exp_stable_BI3_mp-23189: OK
INFO percolation_path: exp_stable_BW_mp-7832: OK
INFO percolation_path: exp_stable_BaAu2_mp-30363: OK
INFO percolation_path: exp_stable_BaCl2_mp-568662: OK
INFO percolation_path: exp_stable_BaH2_mp-23715: OK
INFO percolation_path: exp_stable_Be2Cu_mp-2031: OK
INFO percolation_path: exp_stable_Be2Nb3_mp-11272: OK
INFO percolation_path: exp_stable_Be2V_mp-11281: OK
INFO percolation_path: exp_stable_CaAl4_mp-1749: OK
INFO percolation_path: exp_stable_CaSn_mp-2450: OK
INFO percolation_path: exp_stable_CdPd_mp-1696: OK
INFO percolation_path: exp_stable_CoB_mp-20857: OK
INFO percolation_path: exp_stable_Cs2As3_mp-15557: OK
INFO percolation_path: exp_stable_FeS_mp-505531: OK
INFO percolation_path: exp_stable_Ge2Os_mp-10032: OK
INFO percolation_path: exp_stable_HfTc2_mp-1095669: OK
INFO percolation_path: exp_stable_Hg4Pt_mp-936: OK
INFO percolation_path: exp_stable_HgF2_mp-8177: OK
INFO percolation_path: exp_stable_InBr_mp-22870: OK
INFO percolation_path: exp_stable_KI_mp-22898: OK
INFO percolation_path: exp_stable_KN3_mp-827: OK
INFO percolation_path: exp_stable_Li2Se_mp-2286: OK
INFO percolation_path: exp_stable_LiB_mp-1001835: OK
INFO percolation_path: exp_stable_Mg2Ni_mp-2137: OK
INFO percolation_path: exp_stable_MgP4_mp-384: OK
INFO percolation_path: exp_stable_MnAl12_mp-1104165: OK
INFO percolation_path: exp_stable_MoSe2_mp-1634: OK
INFO percolation_path: exp_stable_NaS_mp-2400: OK
INFO percolation_path: exp_stable_Na_mp-10172: OK
INFO percolation_path: exp_stable_Nb3Ir_mp-1458: OK
INFO percolation_path: exp_stable_NbGa3_mp-1973: OK
INFO percolation_path: exp_stable_PI2_mp-29443: OK
INFO percolation_path: exp_stable_PbSe_mp-2201: OK
INFO percolation_path: exp_stable_RbI_mp-22903: OK
INFO percolation_path: exp_stable_Sc5Ge3_mp-17190: OK
INFO percolation_path: exp_stable_ScAg2_mp-1018128: OK
INFO percolation_path: exp_stable_ScTe_mp-10026: OK
INFO percolation_path: exp_stable_SnPt_mp-19856: OK
INFO percolation_path: exp_stable_SrO2_mp-2697: OK
INFO percolation_path: exp_stable_SrSi_mp-2661: OK
INFO percolation_path: exp_stable_Ta5Ge3_mp-17593: OK
INFO percolation_path: exp_stable_TaP_mp-1067587: OK
INFO percolation_path: exp_stable_TaSb2_mp-11697: OK
INFO percolation_path: exp_stable_Te2Pd_mp-782: OK
INFO percolation_path: exp_stable_Te2Ru_mp-267: OK
INFO percolation_path: exp_stable_TeO2_mp-8377: OK
INFO percolation_path: exp_stable_Ti3In_mp-866046: OK
INFO percolation_path: exp_stable_Ti3Pt_mp-2339: OK
INFO percolation_path: exp_stable_TiBe12_mp-1104067: OK
INFO percolation_path: exp_stable_TiNi_mp-1048: OK
INFO percolation_path: exp_stable_TiO_mp-1071163: OK
INFO percolation_path: exp_stable_TiSi2_mp-1077503: OK
INFO percolation_path: exp_stable_TlCl_mp-571079: OK
INFO percolation_path: exp_stable_VNi2_mp-11531: OK
INFO percolation_path: exp_stable_WO2_mp-1524394: OK
INFO percolation_path: exp_stable_Zr2Au_mp-2348: OK
INFO percolation_path: exp_stable_Zr5Pb3_mp-681992: OK
INFO percolation_path: exp_stable_ZrMo2_mp-2049: OK
INFO percolation_path: extension_Ag_mp-124: OK
INFO percolation_path: extension_Al_mp-134: OK
INFO percolation_path: extension_As_mp-158: OK
INFO percolation_path: extension_Au_mp-81: OK
INFO percolation_path: extension_B_mp-160: OK
INFO percolation_path: extension_Ba5P4_exp_mp-17566: OK
INFO percolation_path: extension_BaCl2_exp_mp-23199: OK
INFO percolation_path: extension_BaF3_exp_mp-1080821: OK
INFO percolation_path: extension_BaF3_theo_mp-1183303: OK
INFO percolation_path: extension_BaN2_exp_mp-1102371: OK
INFO percolation_path: extension_BaO_exp_mp-1008500: OK
INFO percolation_path: extension_BaO_theo_mp-1950989: OK
INFO percolation_path: extension_BaS3_exp_mp-556296: OK
INFO percolation_path: extension_Ba_mp-122: OK
WARNING percolation_path: extension_Be3N2_exp_mp-18337: missing icobi file(s), those metrics will be skipped for this compound
INFO percolation_path: extension_Be3N2_exp_mp-18337: OK
INFO percolation_path: extension_Be3N2_theo_mp-1017550: OK
INFO percolation_path: extension_Be3P2_exp_mp-567841: OK
INFO percolation_path: extension_Be3P2_theo_mp-1084771: OK
INFO percolation_path: extension_BeCl2_exp_mp-23267: OK
INFO percolation_path: extension_BeCl2_theo_mp-1172909: OK
INFO percolation_path: extension_BeF2_exp_mp-15951: OK
INFO percolation_path: extension_BeF2_theo_mp-975644: OK
INFO percolation_path: extension_BeO_exp_mp-7599: OK
INFO percolation_path: extension_BeO_theo_mp-1778: OK
INFO percolation_path: extension_Be_mp-87: OK
INFO percolation_path: extension_Br_mp-23154: OK
INFO percolation_path: extension_CMcarbon_mp-1080826: OK
INFO percolation_path: extension_CWcarbon_mp-1190171: OK
INFO percolation_path: extension_Ca3N2_exp_mp-1047: OK
INFO percolation_path: extension_Ca3N2_mp-844: OK
INFO percolation_path: extension_Ca3N2_theo_mp-1013524: OK
INFO percolation_path: extension_CaCl2_exp_mp-23214: OK
INFO percolation_path: extension_CaCl2_theo_mp-1120739: OK
INFO percolation_path: extension_CaF2_exp_mp-10464: OK
INFO percolation_path: extension_CaF2_theo_mp-554355: OK
INFO percolation_path: extension_CaN_mp-1058549: OK
INFO percolation_path: extension_CaO_exp_mp-1079707: OK
INFO percolation_path: extension_CaO_mp-2605: OK
INFO percolation_path: extension_CaO_theo_mp-1181903: OK
INFO percolation_path: extension_Ca_mp-21: OK
INFO percolation_path: extension_Cd_mp-94: OK
INFO percolation_path: extension_Cdiamond_mp-66: OK
INFO percolation_path: extension_Cgraphite_mp-48: OK
INFO percolation_path: extension_Cl_mp-22848: OK
INFO percolation_path: extension_Clonsdaleite_mp-47: OK
INFO percolation_path: extension_Co_mp-102: OK
INFO percolation_path: extension_Cr_mp-90: OK
INFO percolation_path: extension_Cs2S_exp_mp-1077814: OK
INFO percolation_path: extension_CsCl_exp_mp-573697: OK
INFO percolation_path: extension_CsF_exp_mp-8455: OK
INFO percolation_path: extension_CsN3_exp_mp-510557: OK
INFO percolation_path: extension_CsN3_theo_mp-1225892: OK
INFO percolation_path: extension_CsO2_exp_mp-1441: OK
INFO percolation_path: extension_CsO2_theo_mp-1096936: OK
INFO percolation_path: extension_CsP7_exp_mp-1201790: OK
INFO percolation_path: extension_CsP7_theo_mp-1213206: OK
INFO percolation_path: extension_Cs_mp-1: OK
INFO percolation_path: extension_Cu_mp-30: OK
INFO percolation_path: extension_F_mp-561203: OK
INFO percolation_path: extension_Fe_mp-13: OK
INFO percolation_path: extension_Ga_mp-142: OK
INFO percolation_path: extension_Ge_mp-32: OK
INFO percolation_path: extension_H_mp-730101: OK
INFO percolation_path: extension_Hf_mp-103: OK
INFO percolation_path: extension_Hg_mp-10861: OK
INFO percolation_path: extension_I_mp-23153: OK
INFO percolation_path: extension_In_mp-1055994: OK
INFO percolation_path: extension_Ir_mp-101: OK
INFO percolation_path: extension_K2O_exp_mp-971: OK
INFO percolation_path: extension_K2O_theo_mp-1223784: OK
INFO percolation_path: extension_K2S_exp_mp-1022: OK
INFO percolation_path: extension_KCl_exp_mp-23289: OK
INFO percolation_path: extension_KF3_exp_mp-1544557: OK
INFO percolation_path: extension_KF3_theo_mp-2749823: OK
INFO percolation_path: extension_KN3_theo_mp-636056: OK
INFO percolation_path: extension_KP_exp_mp-1058315: OK
INFO percolation_path: extension_KP_theo_mp-1057787: OK
INFO percolation_path: extension_Li2O_exp_mp-1960: OK
INFO percolation_path: extension_Li2O_theo_mp-755894: OK
INFO percolation_path: extension_Li2S_exp_mp-1125: OK
INFO percolation_path: extension_Li2S_theo_mp-557142: OK
INFO percolation_path: extension_Li3N_exp_mp-2341: OK
INFO percolation_path: extension_LiCl_exp_mp-22905: OK
INFO percolation_path: extension_LiCl_theo_mp-1185319: OK
INFO percolation_path: extension_LiF_exp_mp-1138: OK
INFO percolation_path: extension_LiF_theo_mp-1009009: OK
INFO percolation_path: extension_LiP5_exp_mp-2412: OK
INFO percolation_path: extension_LiP5_theo_mp-32760: OK
INFO percolation_path: extension_Li_mp-1018134: OK
INFO percolation_path: extension_MgCl2_exp_mp-23210: OK
INFO percolation_path: extension_MgCl2_theo_mp-569626: OK
INFO percolation_path: extension_MgF2_exp_mp-1072956: OK
INFO percolation_path: extension_MgF2_theo_mp-1062842: OK
INFO percolation_path: extension_MgO_exp_mp-549706: OK
INFO percolation_path: extension_MgO_theo_mp-1009127: OK
INFO percolation_path: extension_MgS_exp_mp-1315: OK
INFO percolation_path: extension_MgS_theo_mp-13032: OK
INFO percolation_path: extension_Mg_mp-153: OK
INFO percolation_path: extension_Mn2O7_mp-28338: OK
INFO percolation_path: extension_MnO2_mp-510408: OK
WARNING percolation_path: extension_Mn_mp-35: missing icobi file(s), those metrics will be skipped for this compound
INFO percolation_path: extension_Mn_mp-35: OK
INFO percolation_path: extension_Mo_mp-129: OK
INFO percolation_path: extension_N2_mp-1059834: OK
INFO percolation_path: extension_Na2Cl_theo_mp-1077015: OK
INFO percolation_path: extension_Na2O_exp_mp-2352: OK
INFO percolation_path: extension_Na2O_theo_mp-1975297: OK
INFO percolation_path: extension_NaN3_exp_mp-22003: OK
INFO percolation_path: extension_NaN3_theo_mp-1065265: OK
INFO percolation_path: extension_NaS_exp_mp-409: OK
INFO percolation_path: extension_NaS_theo_mp-1180106: OK
INFO percolation_path: extension_Nb_mp-75: OK
INFO percolation_path: extension_Ni_mp-23: OK
INFO percolation_path: extension_O2_mp-1524462: OK
INFO percolation_path: extension_Os_mp-49: OK
INFO percolation_path: extension_P_mp-568348: OK
INFO percolation_path: extension_PbN6_mp-667338: OK
INFO percolation_path: extension_Pb_mp-20483: OK
INFO percolation_path: extension_Pd_mp-2: OK
INFO percolation_path: extension_Pt_mp-126: OK
INFO percolation_path: extension_Rb2O_exp_mp-1394: OK
INFO percolation_path: extension_Rb2O_theo_mp-2023482: OK
INFO percolation_path: extension_RbCl_exp_mp-23299: OK
INFO percolation_path: extension_RbF_exp_mp-2064: OK
INFO percolation_path: extension_RbF_theo_mp-11718: OK
INFO percolation_path: extension_RbN3_exp_mp-581833: OK
INFO percolation_path: extension_RbN3_theo_mp-1219567: OK
INFO percolation_path: extension_RbP_exp_mp-1179688: OK
INFO percolation_path: extension_RbP_theo_mp-1058499: OK
INFO percolation_path: extension_RbS_exp_mp-558071: OK
INFO percolation_path: extension_RbS_theo_mp-1179684: OK
INFO percolation_path: extension_Rb_mp-70: OK
INFO percolation_path: extension_Re_mp-8: OK
INFO percolation_path: extension_Rh_mp-74: OK
INFO percolation_path: extension_Ru_mp-33: OK
INFO percolation_path: extension_S4N2_cod4031496: OK
INFO percolation_path: extension_S4N4_cod7017102: OK
INFO percolation_path: extension_S_mp-77: OK
INFO percolation_path: extension_Sb_mp-104: OK
INFO percolation_path: extension_Sc_mp-67: OK
INFO percolation_path: extension_Se_mp-14: OK
INFO percolation_path: extension_Sn_mp-623511: OK
INFO percolation_path: extension_Sr3P4_exp_mp-14288: OK
INFO percolation_path: extension_Sr3P4_theo_mp-682953: OK
INFO percolation_path: extension_SrF2_exp_mp-1102240: OK
INFO percolation_path: extension_SrF2_theo_mp-1102911: OK
INFO percolation_path: extension_SrN_exp_mp-1058586: OK
INFO percolation_path: extension_SrO2_exp_mp-726705: OK
INFO percolation_path: extension_SrO2_theo_mp-2763179: OK
INFO percolation_path: extension_SrS_exp_mp-10627: OK
INFO percolation_path: extension_Sr_mp-139: OK
INFO percolation_path: extension_Ta_mp-50: OK
INFO percolation_path: extension_Tc_mp-113: OK
INFO percolation_path: extension_Te_mp-19: OK
INFO percolation_path: extension_TiO2II_mp-1439: OK
INFO percolation_path: extension_TiO2OII_mp-9173: OK
INFO percolation_path: extension_TiO2baddeleyite_mp-430: OK
INFO percolation_path: extension_Ti_mp-46: OK
INFO percolation_path: extension_Tl_mp-82: OK
INFO percolation_path: extension_V_mp-146: OK
INFO percolation_path: extension_W_mp-91: OK
INFO percolation_path: extension_Y_mp-112: OK
INFO percolation_path: extension_Zn_mp-79: OK
INFO percolation_path: extension_Zr_mp-131: OK
INFO percolation_path: hull_covalent_Si_mp-149: OK
INFO percolation_path: hull_ionic_NaCl_mp-22862: OK
INFO percolation_path: hull_metallic_AlNi_mp-1487: OK
INFO percolation_path: metastable_covalent_C_rhombohedral_mp-169: OK
INFO percolation_path: metastable_ionic_LiBr_mp-23259: OK
INFO percolation_path: metastable_metallic_BeCu_mp-2323: OK
INFO percolation_path: theo_metastable_Al4Si_mp-1228120: OK
INFO percolation_path: theo_metastable_AlSb_mp-1023918: OK
INFO percolation_path: theo_metastable_B3Ir2_mp-1228647: OK
INFO percolation_path: theo_metastable_B6Pb_mp-1096825: OK
INFO percolation_path: theo_metastable_BPd5_mp-1228665: OK
INFO percolation_path: theo_metastable_BeAu3_mp-983539: OK
INFO percolation_path: theo_metastable_BeCl2_mp-1190080: OK
INFO percolation_path: theo_metastable_CaGe2_mp-643542: OK
INFO percolation_path: theo_metastable_CoSe2_mp-1390196: OK
INFO percolation_path: theo_metastable_Cr2C_mp-1226378: OK
INFO percolation_path: theo_metastable_CrMo_mp-1226200: OK
INFO percolation_path: theo_metastable_Ga2Se3_mp-1224809: OK
INFO percolation_path: theo_metastable_GeS_mp-12910: OK
INFO percolation_path: theo_metastable_HCl_mp-684609: OK
INFO percolation_path: theo_metastable_HfMo_mp-1224314: OK
INFO percolation_path: theo_metastable_IN2_mp-1097011: OK
INFO percolation_path: theo_metastable_InSe2_mp-1232036: OK
INFO percolation_path: theo_metastable_IrCl3_mp-729507: OK
INFO percolation_path: theo_metastable_K5As4_mp-684799: OK
INFO percolation_path: theo_metastable_KSn3_mp-1185151: OK
INFO percolation_path: theo_metastable_Li3Ag_mp-976408: OK
INFO percolation_path: theo_metastable_LiTl3_mp-1185253: OK
INFO percolation_path: theo_metastable_Mg15B_mp-1023515: OK
INFO percolation_path: theo_metastable_MgF2_mp-560236: OK
INFO percolation_path: theo_metastable_MgSn_mp-1094669: OK
INFO percolation_path: theo_metastable_MgSn_mp-1094801: OK
INFO percolation_path: theo_metastable_MnN_mp-1009130: OK
INFO percolation_path: theo_metastable_Na2Cl_mp-990084: OK
INFO percolation_path: theo_metastable_Na3Cl_mp-1064484: OK
INFO percolation_path: theo_metastable_NbRh2_mp-1220414: OK
INFO percolation_path: theo_metastable_NbS2_mp-774873: OK
INFO percolation_path: theo_metastable_PtCl2_mp-1219748: OK
INFO percolation_path: theo_metastable_Sc2O3_mp-755313: OK
INFO percolation_path: theo_metastable_ScTc3_mp-867262: OK
INFO percolation_path: theo_metastable_SiAu3_mp-1186998: OK
INFO percolation_path: theo_metastable_Sn7Pd5_mp-1219006: OK
INFO percolation_path: theo_metastable_SnBr2_mp-978985: OK
INFO percolation_path: theo_metastable_Sr3As4_mp-678007: OK
INFO percolation_path: theo_metastable_Sr3Sn_mp-1187136: OK
INFO percolation_path: theo_metastable_SrTl3_mp-1206636: OK
INFO percolation_path: theo_metastable_Ta4C3_mp-1218000: OK
INFO percolation_path: theo_metastable_TaP_mp-1187244: OK
INFO percolation_path: theo_metastable_TaRe_mp-1217894: OK
INFO percolation_path: theo_metastable_TcW_mp-1217337: OK
INFO percolation_path: theo_metastable_TiMo2_mp-1216675: OK
INFO percolation_path: theo_metastable_TiNi_mp-1067248: OK
INFO percolation_path: theo_metastable_TiSi2_mp-570991: OK
INFO percolation_path: theo_metastable_TiW_mp-1216621: OK
INFO percolation_path: theo_metastable_Tl3Ga_mp-1187539: OK
INFO percolation_path: theo_metastable_Tl4Sn_mp-1216560: OK
INFO percolation_path: theo_metastable_VCo3_mp-1095057: OK
INFO percolation_path: theo_metastable_VN_mp-1017532: OK
INFO percolation_path: theo_metastable_Y3Co_mp-1189329: OK
INFO percolation_path: theo_metastable_YAg3_mp-1187811: OK
INFO percolation_path: theo_metastable_ZnPb3_mp-1187949: OK
INFO percolation_path: theo_metastable_Zn_mp-2647117: OK
INFO percolation_path: theo_metastable_Zr3Be_mp-1188016: OK
INFO percolation_path: theo_metastable_Zr3Ge_mp-1188039: OK
INFO percolation_path: theo_metastable_ZrO2_mp-775909: OK
INFO percolation_path: theo_metastable_ZrTi_mp-1215236: OK
INFO percolation_path: Wrote 349 compound records to mp_dataset/results.csv
