Loading compiler version 2023.2.1
Loading tbb version 2021.10.0
Loading compiler-rt version 2023.2.1
Loading oclfpga version 2023.2.1
  Load "debugger" to debug DPC++ applications with the gdb-oneapi debugger.
  Load "dpl" for additional DPC++ APIs: https://github.com/oneapi-src/oneDPL
Loading mkl version 2023.2.0
LOBSTER v5.1.1 (g++ 9.3.0)
Copyright (C) 2024 by Chair of Solid-State and Quantum Chemistry, RWTH Aachen.
All rights reserved. Contributions by S. Maintz, V. L. Deringer, M. Esser, R. Nelson, C. Ertural, P. C. Mueller, M. Pauls, L. Sann, D. Schnieders, A. L. Tchougreeff, and R. Dronskowski
starting on host node13.cluster.local on 2026-08-14 at 01:59:01 CEST using 16 threads
detecting used PAW program... VASP
initializing PW system...
initializing Augmentations...
recommended basis functions:
Al 3p 3s 
Sb 5p 5s 
initializing LCAO system...
setting up local basis functions...
Al (pbevaspfit2015) 3s 3p_y 3p_z 3p_x 
Sb (pbevaspfit2015) 5s 5p_y 5p_z 5p_x 
setting up CO interactions... found 184 interactions.
projecting...
0%   10   20   30   40   50   60   70   80   90   100%
|----|----|----|----|----|----|----|----|----|----|
***************************************************

WARNING: Cannot use the tetrahedron method for k-space integration and must fall
WARNING: back to Gaussian smearing which can take significantly longer. Make
WARNING: sure to use the tetrahedron method whenever applicable.

calculating overlaps...
post-processing projection...
WARNING: 16 of 180 k-points could not be orthonormalized with an accuracy of 1.0E-5.
WARNING: Generally, this is not a critical error. But to help you analyze it,
WARNING: I dumped the band overlap matrices to the file bandOverlaps.lobster.
WARNING: Please check how much they deviate from the identity matrix and decide to
WARNING: use your results only, if you are sure that this is ok.

saving projection to projectionData.lobster...
abs. charge spilling:   2.26%

NOTE: The spilling is a measure for the relocation, *not* the absence of electrons.
number of electrons recovered by projection: 16.0000 of 16

calculating pDOS... using Gaussian smearing integration (sigma=0.05eV)
writing DOSCAR.lobster...
0%   10   20   30   40   50   60   70   80   90   100%
|----|----|----|----|----|----|----|----|----|----|
***************************************************

writing COOPCAR.lobster...
0%   10   20   30   40   50   60   70   80   90   100%
|----|----|----|----|----|----|----|----|----|----|
***************************************************

Writing ICOOPLIST.lobster
0%   10   20   30   40   50   60   70   80   90   100%
|----|----|----|----|----|----|----|----|----|----|
***************************************************

calculating pCOHPs... using Gaussian smearing integration (sigma=0.05eV)
writing COHPCAR.lobster...
0%   10   20   30   40   50   60   70   80   90   100%
|----|----|----|----|----|----|----|----|----|----|
***************************************************

Writing ICOHPLIST.lobster
0%   10   20   30   40   50   60   70   80   90   100%
|----|----|----|----|----|----|----|----|----|----|
***************************************************

writing COBICAR.lobster...
0%   10   20   30   40   50   60   70   80   90   100%
|----|----|----|----|----|----|----|----|----|----|
***************************************************

Writing ICOBILIST.lobster
0%   10   20   30   40   50   60   70   80   90   100%
|----|----|----|----|----|----|----|----|----|----|
***************************************************

writing CHARGE.lobster and GROSSPOP.lobster...
writing polarization to POLARIZATION.lobster...
calculating Madelung energies...
0%   10   20   30   40   50   60   70   80   90   100%
|----|----|----|----|----|----|----|----|----|----|
***************************************************

writing SitePotentials.lobster and MadelungEnergies.lobster...
finished in 0 h  0 min 19 s 508 ms of wall time
            0 h  3 min 30 s 450 ms of user time
            0 h  0 min  0 s 360 ms of sys  time
