{
  "n_total_compounds": 349,
  "n_by_family": {
    "extension": 163,
    "exp_metastable": 63,
    "exp_stable": 63,
    "theo_metastable": 60
  },
  "n_by_bond_type": {
    "NaN": 173,
    "metallic": 88,
    "ionic": 53,
    "covalent": 35
  },
  "n_disconnected_or_missing_percolation": 1,
  "correlations": [
    {
      "group": "all",
      "metric": "icohp_percolation_weight_min",
      "n": 346,
      "rho": -0.0721,
      "p_value": 0.1808,
      "note": null
    },
    {
      "group": "bond_type=covalent",
      "metric": "icohp_percolation_weight_min",
      "n": 33,
      "rho": -0.1008,
      "p_value": 0.5769,
      "note": null
    },
    {
      "group": "bond_type=ionic",
      "metric": "icohp_percolation_weight_min",
      "n": 52,
      "rho": -0.2343,
      "p_value": 0.0945,
      "note": null
    },
    {
      "group": "bond_type=metallic",
      "metric": "icohp_percolation_weight_min",
      "n": 88,
      "rho": 0.1905,
      "p_value": 0.0754,
      "note": null
    },
    {
      "group": "all",
      "metric": "icohp_percolation_weight_min_normalized",
      "n": 345,
      "rho": -0.0614,
      "p_value": 0.2552,
      "note": null
    },
    {
      "group": "bond_type=covalent",
      "metric": "icohp_percolation_weight_min_normalized",
      "n": 33,
      "rho": -0.1632,
      "p_value": 0.3641,
      "note": null
    },
    {
      "group": "bond_type=ionic",
      "metric": "icohp_percolation_weight_min_normalized",
      "n": 52,
      "rho": -0.1744,
      "p_value": 0.2162,
      "note": null
    },
    {
      "group": "bond_type=metallic",
      "metric": "icohp_percolation_weight_min_normalized",
      "n": 88,
      "rho": 0.222,
      "p_value": 0.0377,
      "note": null
    },
    {
      "group": "all",
      "metric": "icohp_sum",
      "n": 347,
      "rho": 0.0309,
      "p_value": 0.5659,
      "note": null
    },
    {
      "group": "bond_type=covalent",
      "metric": "icohp_sum",
      "n": 33,
      "rho": -0.1801,
      "p_value": 0.3159,
      "note": null
    },
    {
      "group": "bond_type=ionic",
      "metric": "icohp_sum",
      "n": 53,
      "rho": -0.0839,
      "p_value": 0.5503,
      "note": null
    },
    {
      "group": "bond_type=metallic",
      "metric": "icohp_sum",
      "n": 88,
      "rho": 0.2228,
      "p_value": 0.0369,
      "note": null
    },
    {
      "group": "all",
      "metric": "icohp_mean",
      "n": 347,
      "rho": 0.0904,
      "p_value": 0.0927,
      "note": null
    },
    {
      "group": "bond_type=covalent",
      "metric": "icohp_mean",
      "n": 33,
      "rho": 0.1876,
      "p_value": 0.2959,
      "note": null
    },
    {
      "group": "bond_type=ionic",
      "metric": "icohp_mean",
      "n": 53,
      "rho": 0.1066,
      "p_value": 0.4475,
      "note": null
    },
    {
      "group": "bond_type=metallic",
      "metric": "icohp_mean",
      "n": 88,
      "rho": -0.0945,
      "p_value": 0.3812,
      "note": null
    },
    {
      "group": "all",
      "metric": "icohp_min",
      "n": 347,
      "rho": 0.0481,
      "p_value": 0.3715,
      "note": null
    },
    {
      "group": "bond_type=covalent",
      "metric": "icohp_min",
      "n": 33,
      "rho": -0.3945,
      "p_value": 0.0231,
      "note": null
    },
    {
      "group": "bond_type=ionic",
      "metric": "icohp_min",
      "n": 53,
      "rho": -0.0275,
      "p_value": 0.8453,
      "note": null
    },
    {
      "group": "bond_type=metallic",
      "metric": "icohp_min",
      "n": 88,
      "rho": 0.1979,
      "p_value": 0.0645,
      "note": null
    },
    {
      "group": "all",
      "metric": "icohp_max",
      "n": 347,
      "rho": 0.0781,
      "p_value": 0.1465,
      "note": null
    },
    {
      "group": "bond_type=covalent",
      "metric": "icohp_max",
      "n": 33,
      "rho": 0.243,
      "p_value": 0.1729,
      "note": null
    },
    {
      "group": "bond_type=ionic",
      "metric": "icohp_max",
      "n": 53,
      "rho": 0.1008,
      "p_value": 0.4728,
      "note": null
    },
    {
      "group": "bond_type=metallic",
      "metric": "icohp_max",
      "n": 88,
      "rho": 0.0155,
      "p_value": 0.886,
      "note": null
    }
  ],
  "logistic_reference_model": {
    "skipped": false,
    "n": 175,
    "n_stable": 45,
    "n_metastable": 130,
    "features": [
      "icohp_percolation_weight_min_normalized",
      "icohp_mean",
      "bond_ionic",
      "bond_metallic"
    ],
    "cv_folds": 5,
    "cv_auc_mean": 0.6274,
    "cv_auc_std": 0.0627,
    "cv_auc_per_fold": [
      0.7094,
      0.6368,
      0.5897,
      0.6709,
      0.5299
    ],
    "roc_figure": "figures/roc_stable_vs_metastable.png"
  },
  "scatter_figure": "figures/percolation_vs_ehull.png"
}
